[2026-03-13 22:04:57] Git Error in root: 
[2026-03-13 22:04:57] Git Error in root: error: Merging is not possible because you have unmerged files.
hint: Fix them up in the work tree, and then use 'git add/rm <file>'
hint: as appropriate to mark resolution and make a commit.
fatal: Exiting because of an unresolved conflict.
[2026-03-13 22:05:57] Git Error in root: error: Merging is not possible because you have unmerged files.
hint: Fix them up in the work tree, and then use 'git add/rm <file>'
hint: as appropriate to mark resolution and make a commit.
fatal: Exiting because of an unresolved conflict.
[2026-03-13 22:05:57] Git Error in root: error: Merging is not possible because you have unmerged files.
hint: Fix them up in the work tree, and then use 'git add/rm <file>'
hint: as appropriate to mark resolution and make a commit.
fatal: Exiting because of an unresolved conflict.
[2026-03-13 22:05:57] Git Error in root: error: Merging is not possible because you have unmerged files.
hint: Fix them up in the work tree, and then use 'git add/rm <file>'
hint: as appropriate to mark resolution and make a commit.
fatal: Exiting because of an unresolved conflict.
[2026-03-13 22:05:57] Git Error in root: error: Merging is not possible because you have unmerged files.
hint: Fix them up in the work tree, and then use 'git add/rm <file>'
hint: as appropriate to mark resolution and make a commit.
fatal: Exiting because of an unresolved conflict.
[2026-03-13 22:06:58] Git Error in root: error: Merging is not possible because you have unmerged files.
hint: Fix them up in the work tree, and then use 'git add/rm <file>'
hint: as appropriate to mark resolution and make a commit.
fatal: Exiting because of an unresolved conflict.
[2026-03-13 22:06:58] Git Error in root: error: Merging is not possible because you have unmerged files.
hint: Fix them up in the work tree, and then use 'git add/rm <file>'
hint: as appropriate to mark resolution and make a commit.
fatal: Exiting because of an unresolved conflict.
[2026-03-13 22:06:58] Git Error in root: error: Merging is not possible because you have unmerged files.
hint: Fix them up in the work tree, and then use 'git add/rm <file>'
hint: as appropriate to mark resolution and make a commit.
fatal: Exiting because of an unresolved conflict.
[2026-03-13 22:06:58] Git Error in root: error: Merging is not possible because you have unmerged files.
hint: Fix them up in the work tree, and then use 'git add/rm <file>'
hint: as appropriate to mark resolution and make a commit.
fatal: Exiting because of an unresolved conflict.
[2026-03-13 22:07:58] Git Error in root: error: Merging is not possible because you have unmerged files.
hint: Fix them up in the work tree, and then use 'git add/rm <file>'
hint: as appropriate to mark resolution and make a commit.
fatal: Exiting because of an unresolved conflict.
[2026-03-13 22:07:58] Git Error in root: error: Merging is not possible because you have unmerged files.
hint: Fix them up in the work tree, and then use 'git add/rm <file>'
hint: as appropriate to mark resolution and make a commit.
fatal: Exiting because of an unresolved conflict.
[2026-03-13 22:07:58] Git Error in root: error: Merging is not possible because you have unmerged files.
hint: Fix them up in the work tree, and then use 'git add/rm <file>'
hint: as appropriate to mark resolution and make a commit.
fatal: Exiting because of an unresolved conflict.
[2026-03-13 22:07:58] Git Error in root: error: Merging is not possible because you have unmerged files.
hint: Fix them up in the work tree, and then use 'git add/rm <file>'
hint: as appropriate to mark resolution and make a commit.
fatal: Exiting because of an unresolved conflict.
[2026-03-13 22:08:58] Git Error in root: error: Merging is not possible because you have unmerged files.
hint: Fix them up in the work tree, and then use 'git add/rm <file>'
hint: as appropriate to mark resolution and make a commit.
fatal: Exiting because of an unresolved conflict.
[2026-03-13 22:08:58] Git Error in root: error: Merging is not possible because you have unmerged files.
hint: Fix them up in the work tree, and then use 'git add/rm <file>'
hint: as appropriate to mark resolution and make a commit.
fatal: Exiting because of an unresolved conflict.
[2026-03-13 22:08:58] Git Error in root: error: Merging is not possible because you have unmerged files.
hint: Fix them up in the work tree, and then use 'git add/rm <file>'
hint: as appropriate to mark resolution and make a commit.
fatal: Exiting because of an unresolved conflict.
[2026-03-13 22:08:58] Git Error in root: error: Merging is not possible because you have unmerged files.
hint: Fix them up in the work tree, and then use 'git add/rm <file>'
hint: as appropriate to mark resolution and make a commit.
fatal: Exiting because of an unresolved conflict.
[2026-03-13 22:09:58] Git Error in root: error: Merging is not possible because you have unmerged files.
hint: Fix them up in the work tree, and then use 'git add/rm <file>'
hint: as appropriate to mark resolution and make a commit.
fatal: Exiting because of an unresolved conflict.
[2026-03-13 22:09:58] Git Error in root: error: Merging is not possible because you have unmerged files.
hint: Fix them up in the work tree, and then use 'git add/rm <file>'
hint: as appropriate to mark resolution and make a commit.
fatal: Exiting because of an unresolved conflict.
[2026-03-13 22:09:58] Git Error in root: error: Merging is not possible because you have unmerged files.
hint: Fix them up in the work tree, and then use 'git add/rm <file>'
hint: as appropriate to mark resolution and make a commit.
fatal: Exiting because of an unresolved conflict.
[2026-03-13 22:09:58] Git Error in root: error: Merging is not possible because you have unmerged files.
hint: Fix them up in the work tree, and then use 'git add/rm <file>'
hint: as appropriate to mark resolution and make a commit.
fatal: Exiting because of an unresolved conflict.
[2026-03-13 22:10:58] Git Error in root: error: Merging is not possible because you have unmerged files.
hint: Fix them up in the work tree, and then use 'git add/rm <file>'
hint: as appropriate to mark resolution and make a commit.
fatal: Exiting because of an unresolved conflict.
[2026-03-13 22:10:58] Git Error in root: error: Merging is not possible because you have unmerged files.
hint: Fix them up in the work tree, and then use 'git add/rm <file>'
hint: as appropriate to mark resolution and make a commit.
fatal: Exiting because of an unresolved conflict.
[2026-03-13 22:10:58] Git Error in root: error: Merging is not possible because you have unmerged files.
hint: Fix them up in the work tree, and then use 'git add/rm <file>'
hint: as appropriate to mark resolution and make a commit.
fatal: Exiting because of an unresolved conflict.
[2026-03-13 22:10:58] Git Error in root: error: Merging is not possible because you have unmerged files.
hint: Fix them up in the work tree, and then use 'git add/rm <file>'
hint: as appropriate to mark resolution and make a commit.
fatal: Exiting because of an unresolved conflict.
[2026-03-13 22:11:29.352979] Git Error: error: Merging is not possible because you have unmerged files.
hint: Fix them up in the work tree, and then use 'git add/rm <file>'
hint: as appropriate to mark resolution and make a commit.
fatal: Exiting because of an unresolved conflict.
[2026-03-13 22:11:29.362566] Git Error: error: Merging is not possible because you have unmerged files.
hint: Fix them up in the work tree, and then use 'git add/rm <file>'
hint: as appropriate to mark resolution and make a commit.
fatal: Exiting because of an unresolved conflict.
[2026-03-13 22:11:29.372262] Git Error: error: Merging is not possible because you have unmerged files.
hint: Fix them up in the work tree, and then use 'git add/rm <file>'
hint: as appropriate to mark resolution and make a commit.
fatal: Exiting because of an unresolved conflict.
[2026-03-13 22:11:29.381980] Git Error: error: Merging is not possible because you have unmerged files.
hint: Fix them up in the work tree, and then use 'git add/rm <file>'
hint: as appropriate to mark resolution and make a commit.
fatal: Exiting because of an unresolved conflict.
[2026-03-13 22:12:29.397774] Git Error: error: Merging is not possible because you have unmerged files.
hint: Fix them up in the work tree, and then use 'git add/rm <file>'
hint: as appropriate to mark resolution and make a commit.
fatal: Exiting because of an unresolved conflict.
[2026-03-13 22:12:29.410908] Git Error: error: Merging is not possible because you have unmerged files.
hint: Fix them up in the work tree, and then use 'git add/rm <file>'
hint: as appropriate to mark resolution and make a commit.
fatal: Exiting because of an unresolved conflict.
[2026-03-13 22:12:29.432572] Git Error: error: Merging is not possible because you have unmerged files.
hint: Fix them up in the work tree, and then use 'git add/rm <file>'
hint: as appropriate to mark resolution and make a commit.
fatal: Exiting because of an unresolved conflict.
[2026-03-13 22:12:29.451902] Git Error: error: Merging is not possible because you have unmerged files.
hint: Fix them up in the work tree, and then use 'git add/rm <file>'
hint: as appropriate to mark resolution and make a commit.
fatal: Exiting because of an unresolved conflict.
[2026-03-13 22:13:29.483964] Git Error: error: Merging is not possible because you have unmerged files.
hint: Fix them up in the work tree, and then use 'git add/rm <file>'
hint: as appropriate to mark resolution and make a commit.
fatal: Exiting because of an unresolved conflict.
[2026-03-13 22:13:29.496065] Git Error: error: Merging is not possible because you have unmerged files.
hint: Fix them up in the work tree, and then use 'git add/rm <file>'
hint: as appropriate to mark resolution and make a commit.
fatal: Exiting because of an unresolved conflict.
[2026-03-13 22:13:29.506405] Git Error: error: Merging is not possible because you have unmerged files.
hint: Fix them up in the work tree, and then use 'git add/rm <file>'
hint: as appropriate to mark resolution and make a commit.
fatal: Exiting because of an unresolved conflict.
[2026-03-13 22:13:29.515373] Git Error: error: Merging is not possible because you have unmerged files.
hint: Fix them up in the work tree, and then use 'git add/rm <file>'
hint: as appropriate to mark resolution and make a commit.
fatal: Exiting because of an unresolved conflict.
[2026-03-13 22:14:29.557738] Git Error: error: Merging is not possible because you have unmerged files.
hint: Fix them up in the work tree, and then use 'git add/rm <file>'
hint: as appropriate to mark resolution and make a commit.
fatal: Exiting because of an unresolved conflict.
[2026-03-13 22:14:29.570574] Git Error: error: Merging is not possible because you have unmerged files.
hint: Fix them up in the work tree, and then use 'git add/rm <file>'
hint: as appropriate to mark resolution and make a commit.
fatal: Exiting because of an unresolved conflict.
[2026-03-13 22:14:29.583921] Git Error: error: Merging is not possible because you have unmerged files.
hint: Fix them up in the work tree, and then use 'git add/rm <file>'
hint: as appropriate to mark resolution and make a commit.
fatal: Exiting because of an unresolved conflict.
[2026-03-13 22:14:29.598270] Git Error: error: Merging is not possible because you have unmerged files.
hint: Fix them up in the work tree, and then use 'git add/rm <file>'
hint: as appropriate to mark resolution and make a commit.
fatal: Exiting because of an unresolved conflict.
[2026-03-13 22:15:29.639590] Git Error: error: Merging is not possible because you have unmerged files.
hint: Fix them up in the work tree, and then use 'git add/rm <file>'
hint: as appropriate to mark resolution and make a commit.
fatal: Exiting because of an unresolved conflict.
[2026-03-13 22:15:29.652355] Git Error: error: Merging is not possible because you have unmerged files.
hint: Fix them up in the work tree, and then use 'git add/rm <file>'
hint: as appropriate to mark resolution and make a commit.
fatal: Exiting because of an unresolved conflict.
[2026-03-13 22:15:29.663307] Git Error: error: Merging is not possible because you have unmerged files.
hint: Fix them up in the work tree, and then use 'git add/rm <file>'
hint: as appropriate to mark resolution and make a commit.
fatal: Exiting because of an unresolved conflict.
[2026-03-13 22:15:29.673104] Git Error: error: Merging is not possible because you have unmerged files.
hint: Fix them up in the work tree, and then use 'git add/rm <file>'
hint: as appropriate to mark resolution and make a commit.
fatal: Exiting because of an unresolved conflict.
[2026-03-13 22:16:29.704165] Git Error: error: Merging is not possible because you have unmerged files.
hint: Fix them up in the work tree, and then use 'git add/rm <file>'
hint: as appropriate to mark resolution and make a commit.
fatal: Exiting because of an unresolved conflict.
[2026-03-13 22:16:29.717058] Git Error: error: Merging is not possible because you have unmerged files.
hint: Fix them up in the work tree, and then use 'git add/rm <file>'
hint: as appropriate to mark resolution and make a commit.
fatal: Exiting because of an unresolved conflict.
[2026-03-13 22:16:29.727607] Git Error: error: Merging is not possible because you have unmerged files.
hint: Fix them up in the work tree, and then use 'git add/rm <file>'
hint: as appropriate to mark resolution and make a commit.
fatal: Exiting because of an unresolved conflict.
[2026-03-13 22:16:29.737418] Git Error: error: Merging is not possible because you have unmerged files.
hint: Fix them up in the work tree, and then use 'git add/rm <file>'
hint: as appropriate to mark resolution and make a commit.
fatal: Exiting because of an unresolved conflict.
[2026-03-13 22:17:29.765763] Git Error: error: Merging is not possible because you have unmerged files.
hint: Fix them up in the work tree, and then use 'git add/rm <file>'
hint: as appropriate to mark resolution and make a commit.
fatal: Exiting because of an unresolved conflict.
[2026-03-13 22:17:29.775702] Git Error: error: Merging is not possible because you have unmerged files.
hint: Fix them up in the work tree, and then use 'git add/rm <file>'
hint: as appropriate to mark resolution and make a commit.
fatal: Exiting because of an unresolved conflict.
[2026-03-13 22:17:29.786984] Git Error: error: Merging is not possible because you have unmerged files.
hint: Fix them up in the work tree, and then use 'git add/rm <file>'
hint: as appropriate to mark resolution and make a commit.
fatal: Exiting because of an unresolved conflict.
[2026-03-13 22:17:29.798238] Git Error: error: Merging is not possible because you have unmerged files.
hint: Fix them up in the work tree, and then use 'git add/rm <file>'
hint: as appropriate to mark resolution and make a commit.
fatal: Exiting because of an unresolved conflict.
[2026-03-13 22:18:29.839042] Git Error: error: Merging is not possible because you have unmerged files.
hint: Fix them up in the work tree, and then use 'git add/rm <file>'
hint: as appropriate to mark resolution and make a commit.
fatal: Exiting because of an unresolved conflict.
[2026-03-13 22:18:29.852258] Git Error: error: Merging is not possible because you have unmerged files.
hint: Fix them up in the work tree, and then use 'git add/rm <file>'
hint: as appropriate to mark resolution and make a commit.
fatal: Exiting because of an unresolved conflict.
[2026-03-13 22:18:29.862393] Git Error: error: Merging is not possible because you have unmerged files.
hint: Fix them up in the work tree, and then use 'git add/rm <file>'
hint: as appropriate to mark resolution and make a commit.
fatal: Exiting because of an unresolved conflict.
[2026-03-13 22:18:29.872230] Git Error: error: Merging is not possible because you have unmerged files.
hint: Fix them up in the work tree, and then use 'git add/rm <file>'
hint: as appropriate to mark resolution and make a commit.
fatal: Exiting because of an unresolved conflict.
[2026-03-13 22:19:29.900896] Git Error: error: Merging is not possible because you have unmerged files.
hint: Fix them up in the work tree, and then use 'git add/rm <file>'
hint: as appropriate to mark resolution and make a commit.
fatal: Exiting because of an unresolved conflict.
[2026-03-13 22:19:29.914992] Git Error: error: Merging is not possible because you have unmerged files.
hint: Fix them up in the work tree, and then use 'git add/rm <file>'
hint: as appropriate to mark resolution and make a commit.
fatal: Exiting because of an unresolved conflict.
[2026-03-13 22:19:29.929212] Git Error: error: Merging is not possible because you have unmerged files.
hint: Fix them up in the work tree, and then use 'git add/rm <file>'
hint: as appropriate to mark resolution and make a commit.
fatal: Exiting because of an unresolved conflict.
[2026-03-13 22:19:29.943460] Git Error: error: Merging is not possible because you have unmerged files.
hint: Fix them up in the work tree, and then use 'git add/rm <file>'
hint: as appropriate to mark resolution and make a commit.
fatal: Exiting because of an unresolved conflict.
[2026-03-13 22:20:29.974547] Git Error: error: Merging is not possible because you have unmerged files.
hint: Fix them up in the work tree, and then use 'git add/rm <file>'
hint: as appropriate to mark resolution and make a commit.
fatal: Exiting because of an unresolved conflict.
[2026-03-13 22:20:29.989316] Git Error: error: Merging is not possible because you have unmerged files.
hint: Fix them up in the work tree, and then use 'git add/rm <file>'
hint: as appropriate to mark resolution and make a commit.
fatal: Exiting because of an unresolved conflict.
[2026-03-13 22:20:30.005101] Git Error: error: Merging is not possible because you have unmerged files.
hint: Fix them up in the work tree, and then use 'git add/rm <file>'
hint: as appropriate to mark resolution and make a commit.
fatal: Exiting because of an unresolved conflict.
[2026-03-13 22:20:30.021298] Git Error: error: Merging is not possible because you have unmerged files.
hint: Fix them up in the work tree, and then use 'git add/rm <file>'
hint: as appropriate to mark resolution and make a commit.
fatal: Exiting because of an unresolved conflict.
[2026-03-13 22:21:30.047477] Git Error: error: Merging is not possible because you have unmerged files.
hint: Fix them up in the work tree, and then use 'git add/rm <file>'
hint: as appropriate to mark resolution and make a commit.
fatal: Exiting because of an unresolved conflict.
[2026-03-13 22:21:30.061441] Git Error: error: Merging is not possible because you have unmerged files.
hint: Fix them up in the work tree, and then use 'git add/rm <file>'
hint: as appropriate to mark resolution and make a commit.
fatal: Exiting because of an unresolved conflict.
[2026-03-13 22:21:30.073956] Git Error: error: Merging is not possible because you have unmerged files.
hint: Fix them up in the work tree, and then use 'git add/rm <file>'
hint: as appropriate to mark resolution and make a commit.
fatal: Exiting because of an unresolved conflict.
[2026-03-13 22:21:30.086724] Git Error: error: Merging is not possible because you have unmerged files.
hint: Fix them up in the work tree, and then use 'git add/rm <file>'
hint: as appropriate to mark resolution and make a commit.
fatal: Exiting because of an unresolved conflict.
[2026-03-13 22:22:30.135589] Git Error: 
[2026-03-13 22:22:30.160414] Git Error: error: Merging is not possible because you have unmerged files.
hint: Fix them up in the work tree, and then use 'git add/rm <file>'
hint: as appropriate to mark resolution and make a commit.
fatal: Exiting because of an unresolved conflict.
[2026-03-13 22:22:30.199269] Git Error: error: Merging is not possible because you have unmerged files.
hint: Fix them up in the work tree, and then use 'git add/rm <file>'
hint: as appropriate to mark resolution and make a commit.
fatal: Exiting because of an unresolved conflict.
[2026-03-13 22:22:30.216630] Git Error: error: Merging is not possible because you have unmerged files.
hint: Fix them up in the work tree, and then use 'git add/rm <file>'
hint: as appropriate to mark resolution and make a commit.
fatal: Exiting because of an unresolved conflict.
[2026-03-13 22:23:30.264676] Git Error: error: Merging is not possible because you have unmerged files.
hint: Fix them up in the work tree, and then use 'git add/rm <file>'
hint: as appropriate to mark resolution and make a commit.
fatal: Exiting because of an unresolved conflict.
[2026-03-13 22:23:30.283878] Git Error: error: Merging is not possible because you have unmerged files.
hint: Fix them up in the work tree, and then use 'git add/rm <file>'
hint: as appropriate to mark resolution and make a commit.
fatal: Exiting because of an unresolved conflict.
[2026-03-13 22:23:30.320007] Git Error: error: Merging is not possible because you have unmerged files.
hint: Fix them up in the work tree, and then use 'git add/rm <file>'
hint: as appropriate to mark resolution and make a commit.
fatal: Exiting because of an unresolved conflict.
[2026-03-13 22:23:30.330427] Git Error: error: Merging is not possible because you have unmerged files.
hint: Fix them up in the work tree, and then use 'git add/rm <file>'
hint: as appropriate to mark resolution and make a commit.
fatal: Exiting because of an unresolved conflict.
[2026-03-13 22:24:30.369753] Git Error: error: Merging is not possible because you have unmerged files.
hint: Fix them up in the work tree, and then use 'git add/rm <file>'
hint: as appropriate to mark resolution and make a commit.
fatal: Exiting because of an unresolved conflict.
[2026-03-13 22:24:30.381296] Git Error: error: Merging is not possible because you have unmerged files.
hint: Fix them up in the work tree, and then use 'git add/rm <file>'
hint: as appropriate to mark resolution and make a commit.
fatal: Exiting because of an unresolved conflict.
[2026-03-13 22:24:30.392551] Git Error: error: Merging is not possible because you have unmerged files.
hint: Fix them up in the work tree, and then use 'git add/rm <file>'
hint: as appropriate to mark resolution and make a commit.
fatal: Exiting because of an unresolved conflict.
[2026-03-13 22:24:30.401858] Git Error: error: Merging is not possible because you have unmerged files.
hint: Fix them up in the work tree, and then use 'git add/rm <file>'
hint: as appropriate to mark resolution and make a commit.
fatal: Exiting because of an unresolved conflict.
[2026-03-13 22:25:30.435030] Git Error: error: Merging is not possible because you have unmerged files.
hint: Fix them up in the work tree, and then use 'git add/rm <file>'
hint: as appropriate to mark resolution and make a commit.
fatal: Exiting because of an unresolved conflict.
[2026-03-13 22:25:30.446586] Git Error: error: Merging is not possible because you have unmerged files.
hint: Fix them up in the work tree, and then use 'git add/rm <file>'
hint: as appropriate to mark resolution and make a commit.
fatal: Exiting because of an unresolved conflict.
[2026-03-13 22:25:30.456838] Git Error: error: Merging is not possible because you have unmerged files.
hint: Fix them up in the work tree, and then use 'git add/rm <file>'
hint: as appropriate to mark resolution and make a commit.
fatal: Exiting because of an unresolved conflict.
[2026-03-13 22:25:30.465739] Git Error: error: Merging is not possible because you have unmerged files.
hint: Fix them up in the work tree, and then use 'git add/rm <file>'
hint: as appropriate to mark resolution and make a commit.
fatal: Exiting because of an unresolved conflict.
[2026-03-14 00:10:13.925318] Git Error: merge: feat/sprint_03/be_dev_1 - not something we can merge
[2026-03-14 00:10:13.945370] Git Error: merge: feat/sprint_03/be_dev_2 - not something we can merge
[2026-03-14 00:10:13.957946] Git Error: merge: feat/sprint_03/fe_dev_1 - not something we can merge
[2026-03-14 00:10:13.970907] Git Error: merge: feat/sprint_03/fe_dev_2 - not something we can merge
[2026-03-14 00:11:13.952267] Git Error: merge: feat/sprint_03/be_dev_1 - not something we can merge
[2026-03-14 00:11:13.967726] Git Error: merge: feat/sprint_03/be_dev_2 - not something we can merge
[2026-03-14 00:11:13.981914] Git Error: merge: feat/sprint_03/fe_dev_1 - not something we can merge
[2026-03-14 00:11:13.998449] Git Error: merge: feat/sprint_03/fe_dev_2 - not something we can merge
[2026-03-14 00:11:37.635493] Git Error: merge: feat/sprint_03/be_dev_1 - not something we can merge
[2026-03-14 00:11:37.655598] Git Error: merge: feat/sprint_03/be_dev_2 - not something we can merge
[2026-03-14 00:11:37.668074] Git Error: merge: feat/sprint_03/fe_dev_1 - not something we can merge
[2026-03-14 00:11:37.678355] Git Error: merge: feat/sprint_03/fe_dev_2 - not something we can merge
[2026-03-14 00:12:14.044176] Git Error: merge: feat/sprint_03/be_dev_1 - not something we can merge
[2026-03-14 00:12:14.061288] Git Error: merge: feat/sprint_03/be_dev_2 - not something we can merge
[2026-03-14 00:12:14.077407] Git Error: merge: feat/sprint_03/fe_dev_1 - not something we can merge
[2026-03-14 00:12:14.093318] Git Error: merge: feat/sprint_03/fe_dev_2 - not something we can merge
[2026-03-14 00:12:37.700315] Git Error: merge: feat/sprint_03/be_dev_1 - not something we can merge
[2026-03-14 00:12:37.710171] Git Error: merge: feat/sprint_03/be_dev_2 - not something we can merge
[2026-03-14 00:12:37.723976] Git Error: merge: feat/sprint_03/fe_dev_1 - not something we can merge
[2026-03-14 00:12:37.734006] Git Error: merge: feat/sprint_03/fe_dev_2 - not something we can merge
[2026-03-14 00:13:14.130813] Git Error: merge: feat/sprint_03/be_dev_1 - not something we can merge
[2026-03-14 00:13:14.154646] Git Error: merge: feat/sprint_03/be_dev_2 - not something we can merge
[2026-03-14 00:13:14.175254] Git Error: merge: feat/sprint_03/fe_dev_1 - not something we can merge
[2026-03-14 00:13:14.193742] Git Error: merge: feat/sprint_03/fe_dev_2 - not something we can merge
[2026-03-14 00:13:37.773108] Git Error: merge: feat/sprint_03/be_dev_2 - not something we can merge
[2026-03-14 00:13:37.786080] Git Error: merge: feat/sprint_03/fe_dev_1 - not something we can merge
[2026-03-14 00:14:14.280311] Git Error: merge: feat/sprint_03/be_dev_2 - not something we can merge
[2026-03-14 00:14:14.324303] Git Error: merge: feat/sprint_03/fe_dev_1 - not something we can merge
[2026-03-14 00:14:37.944829] Git Error: merge: feat/sprint_03/be_dev_2 - not something we can merge
[2026-03-14 00:14:37.959489] Git Error: merge: feat/sprint_03/fe_dev_1 - not something we can merge
[2026-03-14 00:15:14.651583] Git Error: merge: feat/sprint_03/be_dev_2 - not something we can merge
[2026-03-14 00:15:14.670646] Git Error: merge: feat/sprint_03/fe_dev_1 - not something we can merge
[2026-03-14 00:15:38.139551] Git Error: merge: feat/sprint_03/be_dev_2 - not something we can merge
[2026-03-14 00:15:38.157435] Git Error: merge: feat/sprint_03/fe_dev_1 - not something we can merge
[2026-03-14 00:16:14.779273] Git Error: merge: feat/sprint_03/fe_dev_1 - not something we can merge
[2026-03-14 00:16:38.258194] Git Error: merge: feat/sprint_03/fe_dev_1 - not something we can merge
[2026-03-14 00:17:14.894906] Git Error: merge: feat/sprint_03/fe_dev_1 - not something we can merge
[2026-03-14 00:17:38.329588] Git Error: merge: feat/sprint_03/fe_dev_1 - not something we can merge
[2026-03-14 00:18:14.998144] Git Error: merge: feat/sprint_03/fe_dev_1 - not something we can merge
[2026-03-14 00:18:38.420405] Git Error: merge: feat/sprint_03/fe_dev_1 - not something we can merge
[2026-03-14 00:19:15.066005] Git Error: merge: feat/sprint_03/fe_dev_1 - not something we can merge
[2026-03-14 00:19:38.498672] Git Error: merge: feat/sprint_03/fe_dev_1 - not something we can merge
[2026-03-14 00:20:15.107071] Git Error: error: Merging is not possible because you have unmerged files.
hint: Fix them up in the work tree, and then use 'git add/rm <file>'
hint: as appropriate to mark resolution and make a commit.
fatal: Exiting because of an unresolved conflict.
[2026-03-14 00:20:15.120300] Git Error: error: Merging is not possible because you have unmerged files.
hint: Fix them up in the work tree, and then use 'git add/rm <file>'
hint: as appropriate to mark resolution and make a commit.
fatal: Exiting because of an unresolved conflict.
[2026-03-14 00:20:15.132361] Git Error: error: Merging is not possible because you have unmerged files.
hint: Fix them up in the work tree, and then use 'git add/rm <file>'
hint: as appropriate to mark resolution and make a commit.
fatal: Exiting because of an unresolved conflict.
[2026-03-14 00:20:15.144723] Git Error: error: Merging is not possible because you have unmerged files.
hint: Fix them up in the work tree, and then use 'git add/rm <file>'
hint: as appropriate to mark resolution and make a commit.
fatal: Exiting because of an unresolved conflict.
[2026-03-14 00:20:38.539488] Git Error: error: Merging is not possible because you have unmerged files.
hint: Fix them up in the work tree, and then use 'git add/rm <file>'
hint: as appropriate to mark resolution and make a commit.
fatal: Exiting because of an unresolved conflict.
[2026-03-14 00:20:38.549869] Git Error: error: Merging is not possible because you have unmerged files.
hint: Fix them up in the work tree, and then use 'git add/rm <file>'
hint: as appropriate to mark resolution and make a commit.
fatal: Exiting because of an unresolved conflict.
[2026-03-14 00:20:38.561478] Git Error: error: Merging is not possible because you have unmerged files.
hint: Fix them up in the work tree, and then use 'git add/rm <file>'
hint: as appropriate to mark resolution and make a commit.
fatal: Exiting because of an unresolved conflict.
[2026-03-14 00:20:38.574502] Git Error: error: Merging is not possible because you have unmerged files.
hint: Fix them up in the work tree, and then use 'git add/rm <file>'
hint: as appropriate to mark resolution and make a commit.
fatal: Exiting because of an unresolved conflict.
[2026-03-14 00:21:15.165439] Git Error: fatal: You have not concluded your merge (MERGE_HEAD exists).
Please, commit your changes before you merge.
[2026-03-14 00:21:15.178736] Git Error: fatal: You have not concluded your merge (MERGE_HEAD exists).
Please, commit your changes before you merge.
[2026-03-14 00:21:15.190650] Git Error: fatal: You have not concluded your merge (MERGE_HEAD exists).
Please, commit your changes before you merge.
[2026-03-14 00:21:15.200510] Git Error: fatal: You have not concluded your merge (MERGE_HEAD exists).
Please, commit your changes before you merge.
[2026-03-14 00:21:38.647351] Git Error: merge: feat/sprint_03/fe_dev_1 - not something we can merge
[2026-03-14 00:22:15.291732] Git Error: merge: feat/sprint_03/fe_dev_1 - not something we can merge
[2026-03-14 00:22:38.866872] Git Error: 
[2026-03-14 00:22:38.886957] Git Error: error: Merging is not possible because you have unmerged files.
hint: Fix them up in the work tree, and then use 'git add/rm <file>'
hint: as appropriate to mark resolution and make a commit.
fatal: Exiting because of an unresolved conflict.
[2026-03-14 00:24:15.410119] Git Error: fatal: You have not concluded your merge (MERGE_HEAD exists).
Please, commit your changes before you merge.
[2026-03-14 00:24:15.424759] Git Error: fatal: You have not concluded your merge (MERGE_HEAD exists).
Please, commit your changes before you merge.
[2026-03-14 00:24:15.448460] Git Error: fatal: You have not concluded your merge (MERGE_HEAD exists).
Please, commit your changes before you merge.
[2026-03-14 00:24:15.473656] Git Error: fatal: You have not concluded your merge (MERGE_HEAD exists).
Please, commit your changes before you merge.
[2026-03-14 00:25:15.563351] Git Error: 
[2026-03-14 00:25:15.577058] Git Error: error: Merging is not possible because you have unmerged files.
hint: Fix them up in the work tree, and then use 'git add/rm <file>'
hint: as appropriate to mark resolution and make a commit.
fatal: Exiting because of an unresolved conflict.
[2026-03-14 00:25:15.592219] Git Error: error: Merging is not possible because you have unmerged files.
hint: Fix them up in the work tree, and then use 'git add/rm <file>'
hint: as appropriate to mark resolution and make a commit.
fatal: Exiting because of an unresolved conflict.
[2026-03-14 00:25:15.629497] Git Error: error: Merging is not possible because you have unmerged files.
hint: Fix them up in the work tree, and then use 'git add/rm <file>'
hint: as appropriate to mark resolution and make a commit.
fatal: Exiting because of an unresolved conflict.
[2026-03-14 00:25:39.121206] Git Error: error: Merging is not possible because you have unmerged files.
hint: Fix them up in the work tree, and then use 'git add/rm <file>'
hint: as appropriate to mark resolution and make a commit.
fatal: Exiting because of an unresolved conflict.
[2026-03-14 00:25:39.139850] Git Error: error: Merging is not possible because you have unmerged files.
hint: Fix them up in the work tree, and then use 'git add/rm <file>'
hint: as appropriate to mark resolution and make a commit.
fatal: Exiting because of an unresolved conflict.
[2026-03-14 00:25:39.157133] Git Error: error: Merging is not possible because you have unmerged files.
hint: Fix them up in the work tree, and then use 'git add/rm <file>'
hint: as appropriate to mark resolution and make a commit.
fatal: Exiting because of an unresolved conflict.
[2026-03-14 00:25:39.172636] Git Error: error: Merging is not possible because you have unmerged files.
hint: Fix them up in the work tree, and then use 'git add/rm <file>'
hint: as appropriate to mark resolution and make a commit.
fatal: Exiting because of an unresolved conflict.
[2026-03-14 00:26:15.670306] Git Error: fatal: You have not concluded your merge (MERGE_HEAD exists).
Please, commit your changes before you merge.
[2026-03-14 00:26:15.688741] Git Error: fatal: You have not concluded your merge (MERGE_HEAD exists).
Please, commit your changes before you merge.
[2026-03-14 00:26:15.702922] Git Error: fatal: You have not concluded your merge (MERGE_HEAD exists).
Please, commit your changes before you merge.
[2026-03-14 00:26:15.717438] Git Error: fatal: You have not concluded your merge (MERGE_HEAD exists).
Please, commit your changes before you merge.
[2026-03-14 00:26:39.222847] Git Error: fatal: You have not concluded your merge (MERGE_HEAD exists).
Please, commit your changes before you merge.
[2026-03-14 00:26:39.240561] Git Error: fatal: You have not concluded your merge (MERGE_HEAD exists).
Please, commit your changes before you merge.
[2026-03-14 00:26:39.257457] Git Error: fatal: You have not concluded your merge (MERGE_HEAD exists).
Please, commit your changes before you merge.
[2026-03-14 00:26:39.273837] Git Error: fatal: You have not concluded your merge (MERGE_HEAD exists).
Please, commit your changes before you merge.
[2026-03-14 11:08:10.432244] Git Error: merge: feat/sprint_04/be_dev_1 - not something we can merge
[2026-03-14 11:08:10.451568] Git Error: merge: feat/sprint_04/be_dev_2 - not something we can merge
[2026-03-14 11:08:10.466823] Git Error: merge: feat/sprint_04/fe_dev_1 - not something we can merge
[2026-03-14 11:08:10.480625] Git Error: merge: feat/sprint_04/fe_dev_2 - not something we can merge
[2026-03-14 11:08:30.845127] Git Error: merge: feat/sprint_04/be_dev_1 - not something we can merge
[2026-03-14 11:08:30.867629] Git Error: merge: feat/sprint_04/be_dev_2 - not something we can merge
[2026-03-14 11:08:30.882617] Git Error: merge: feat/sprint_04/fe_dev_1 - not something we can merge
[2026-03-14 11:08:30.896521] Git Error: merge: feat/sprint_04/fe_dev_2 - not something we can merge
[2026-03-14 11:09:10.524097] Git Error: merge: feat/sprint_04/be_dev_1 - not something we can merge
[2026-03-14 11:09:10.541288] Git Error: merge: feat/sprint_04/be_dev_2 - not something we can merge
[2026-03-14 11:09:10.556040] Git Error: merge: feat/sprint_04/fe_dev_1 - not something we can merge
[2026-03-14 11:09:10.570338] Git Error: merge: feat/sprint_04/fe_dev_2 - not something we can merge
[2026-03-14 11:09:30.947916] Git Error: merge: feat/sprint_04/be_dev_1 - not something we can merge
[2026-03-14 11:09:31.062307] Git Error: merge: feat/sprint_04/be_dev_2 - not something we can merge
[2026-03-14 11:09:31.087527] Git Error: merge: feat/sprint_04/fe_dev_1 - not something we can merge
[2026-03-14 11:09:31.104356] Git Error: merge: feat/sprint_04/fe_dev_2 - not something we can merge
[2026-03-14 11:10:10.615231] Git Error: merge: feat/sprint_04/be_dev_1 - not something we can merge
[2026-03-14 11:10:10.631546] Git Error: merge: feat/sprint_04/be_dev_2 - not something we can merge
[2026-03-14 11:10:10.652281] Git Error: merge: feat/sprint_04/fe_dev_1 - not something we can merge
[2026-03-14 11:10:10.675051] Git Error: merge: feat/sprint_04/fe_dev_2 - not something we can merge
[2026-03-14 11:10:31.130115] Git Error: merge: feat/sprint_04/be_dev_1 - not something we can merge
[2026-03-14 11:10:31.151253] Git Error: merge: feat/sprint_04/be_dev_2 - not something we can merge
[2026-03-14 11:10:31.164851] Git Error: merge: feat/sprint_04/fe_dev_1 - not something we can merge
[2026-03-14 11:10:31.181299] Git Error: merge: feat/sprint_04/fe_dev_2 - not something we can merge
[2026-03-14 11:11:10.719608] Git Error: merge: feat/sprint_04/be_dev_1 - not something we can merge
[2026-03-14 11:11:10.737574] Git Error: merge: feat/sprint_04/be_dev_2 - not something we can merge
[2026-03-14 11:11:10.754366] Git Error: merge: feat/sprint_04/fe_dev_1 - not something we can merge
[2026-03-14 11:11:10.768408] Git Error: merge: feat/sprint_04/fe_dev_2 - not something we can merge
[2026-03-14 11:11:31.225721] Git Error: merge: feat/sprint_04/be_dev_1 - not something we can merge
[2026-03-14 11:11:31.241427] Git Error: merge: feat/sprint_04/be_dev_2 - not something we can merge
[2026-03-14 11:11:31.255784] Git Error: merge: feat/sprint_04/fe_dev_1 - not something we can merge
[2026-03-14 11:11:31.268304] Git Error: merge: feat/sprint_04/fe_dev_2 - not something we can merge
[2026-03-14 11:12:10.810431] Git Error: merge: feat/sprint_04/fe_dev_1 - not something we can merge
[2026-03-14 11:12:10.824561] Git Error: merge: feat/sprint_04/fe_dev_2 - not something we can merge
[2026-03-14 11:16:31.738603] Git Error: 
[2026-03-14 11:16:31.747281] Git Error: error: Merging is not possible because you have unmerged files.
hint: Fix them up in the work tree, and then use 'git add/rm <file>'
hint: as appropriate to mark resolution and make a commit.
fatal: Exiting because of an unresolved conflict.
[2026-03-14 11:16:31.756279] Git Error: error: Merging is not possible because you have unmerged files.
hint: Fix them up in the work tree, and then use 'git add/rm <file>'
hint: as appropriate to mark resolution and make a commit.
fatal: Exiting because of an unresolved conflict.
[2026-03-14 11:17:11.338168] Git Error: error: Merging is not possible because you have unmerged files.
hint: Fix them up in the work tree, and then use 'git add/rm <file>'
hint: as appropriate to mark resolution and make a commit.
fatal: Exiting because of an unresolved conflict.
[2026-03-14 11:17:11.357459] Git Error: error: Merging is not possible because you have unmerged files.
hint: Fix them up in the work tree, and then use 'git add/rm <file>'
hint: as appropriate to mark resolution and make a commit.
fatal: Exiting because of an unresolved conflict.
[2026-03-14 11:17:11.377621] Git Error: error: Merging is not possible because you have unmerged files.
hint: Fix them up in the work tree, and then use 'git add/rm <file>'
hint: as appropriate to mark resolution and make a commit.
fatal: Exiting because of an unresolved conflict.
[2026-03-14 11:17:11.391256] Git Error: error: Merging is not possible because you have unmerged files.
hint: Fix them up in the work tree, and then use 'git add/rm <file>'
hint: as appropriate to mark resolution and make a commit.
fatal: Exiting because of an unresolved conflict.
[2026-03-14 11:17:31.803645] Git Error: error: Merging is not possible because you have unmerged files.
hint: Fix them up in the work tree, and then use 'git add/rm <file>'
hint: as appropriate to mark resolution and make a commit.
fatal: Exiting because of an unresolved conflict.
[2026-03-14 11:17:31.825011] Git Error: error: Merging is not possible because you have unmerged files.
hint: Fix them up in the work tree, and then use 'git add/rm <file>'
hint: as appropriate to mark resolution and make a commit.
fatal: Exiting because of an unresolved conflict.
[2026-03-14 11:17:31.839297] Git Error: error: Merging is not possible because you have unmerged files.
hint: Fix them up in the work tree, and then use 'git add/rm <file>'
hint: as appropriate to mark resolution and make a commit.
fatal: Exiting because of an unresolved conflict.
[2026-03-14 11:17:31.852225] Git Error: error: Merging is not possible because you have unmerged files.
hint: Fix them up in the work tree, and then use 'git add/rm <file>'
hint: as appropriate to mark resolution and make a commit.
fatal: Exiting because of an unresolved conflict.
[2026-03-14 11:18:11.415644] Git Error: error: Merging is not possible because you have unmerged files.
hint: Fix them up in the work tree, and then use 'git add/rm <file>'
hint: as appropriate to mark resolution and make a commit.
fatal: Exiting because of an unresolved conflict.
[2026-03-14 11:18:11.428443] Git Error: error: Merging is not possible because you have unmerged files.
hint: Fix them up in the work tree, and then use 'git add/rm <file>'
hint: as appropriate to mark resolution and make a commit.
fatal: Exiting because of an unresolved conflict.
[2026-03-14 11:18:11.439942] Git Error: error: Merging is not possible because you have unmerged files.
hint: Fix them up in the work tree, and then use 'git add/rm <file>'
hint: as appropriate to mark resolution and make a commit.
fatal: Exiting because of an unresolved conflict.
[2026-03-14 11:18:11.453153] Git Error: error: Merging is not possible because you have unmerged files.
hint: Fix them up in the work tree, and then use 'git add/rm <file>'
hint: as appropriate to mark resolution and make a commit.
fatal: Exiting because of an unresolved conflict.
[2026-03-14 11:18:31.890495] Git Error: error: Merging is not possible because you have unmerged files.
hint: Fix them up in the work tree, and then use 'git add/rm <file>'
hint: as appropriate to mark resolution and make a commit.
fatal: Exiting because of an unresolved conflict.
[2026-03-14 11:18:31.909605] Git Error: error: Merging is not possible because you have unmerged files.
hint: Fix them up in the work tree, and then use 'git add/rm <file>'
hint: as appropriate to mark resolution and make a commit.
fatal: Exiting because of an unresolved conflict.
[2026-03-14 11:18:31.930867] Git Error: error: Merging is not possible because you have unmerged files.
hint: Fix them up in the work tree, and then use 'git add/rm <file>'
hint: as appropriate to mark resolution and make a commit.
fatal: Exiting because of an unresolved conflict.
[2026-03-14 11:18:31.943166] Git Error: error: Merging is not possible because you have unmerged files.
hint: Fix them up in the work tree, and then use 'git add/rm <file>'
hint: as appropriate to mark resolution and make a commit.
fatal: Exiting because of an unresolved conflict.
[2026-03-14 11:19:11.493669] Git Error: error: Merging is not possible because you have unmerged files.
hint: Fix them up in the work tree, and then use 'git add/rm <file>'
hint: as appropriate to mark resolution and make a commit.
fatal: Exiting because of an unresolved conflict.
[2026-03-14 11:19:11.516269] Git Error: error: Merging is not possible because you have unmerged files.
hint: Fix them up in the work tree, and then use 'git add/rm <file>'
hint: as appropriate to mark resolution and make a commit.
fatal: Exiting because of an unresolved conflict.
[2026-03-14 11:19:11.536045] Git Error: error: Merging is not possible because you have unmerged files.
hint: Fix them up in the work tree, and then use 'git add/rm <file>'
hint: as appropriate to mark resolution and make a commit.
fatal: Exiting because of an unresolved conflict.
[2026-03-14 11:19:11.552939] Git Error: error: Merging is not possible because you have unmerged files.
hint: Fix them up in the work tree, and then use 'git add/rm <file>'
hint: as appropriate to mark resolution and make a commit.
fatal: Exiting because of an unresolved conflict.
[2026-03-14 11:19:31.979473] Git Error: error: Merging is not possible because you have unmerged files.
hint: Fix them up in the work tree, and then use 'git add/rm <file>'
hint: as appropriate to mark resolution and make a commit.
fatal: Exiting because of an unresolved conflict.
[2026-03-14 11:19:32.000802] Git Error: error: Merging is not possible because you have unmerged files.
hint: Fix them up in the work tree, and then use 'git add/rm <file>'
hint: as appropriate to mark resolution and make a commit.
fatal: Exiting because of an unresolved conflict.
[2026-03-14 11:19:32.018086] Git Error: error: Merging is not possible because you have unmerged files.
hint: Fix them up in the work tree, and then use 'git add/rm <file>'
hint: as appropriate to mark resolution and make a commit.
fatal: Exiting because of an unresolved conflict.
[2026-03-14 11:19:32.030716] Git Error: error: Merging is not possible because you have unmerged files.
hint: Fix them up in the work tree, and then use 'git add/rm <file>'
hint: as appropriate to mark resolution and make a commit.
fatal: Exiting because of an unresolved conflict.
[2026-03-14 11:20:11.596823] Git Error: fatal: You have not concluded your merge (MERGE_HEAD exists).
Please, commit your changes before you merge.
[2026-03-14 11:20:11.615317] Git Error: fatal: You have not concluded your merge (MERGE_HEAD exists).
Please, commit your changes before you merge.
[2026-03-14 11:20:11.629739] Git Error: fatal: You have not concluded your merge (MERGE_HEAD exists).
Please, commit your changes before you merge.
[2026-03-14 11:20:11.643096] Git Error: fatal: You have not concluded your merge (MERGE_HEAD exists).
Please, commit your changes before you merge.
[2026-03-14 11:20:32.174967] Git Error: 
[2026-03-14 11:21:11.659822] Git Error: error: Merging is not possible because you have unmerged files.
hint: Fix them up in the work tree, and then use 'git add/rm <file>'
hint: as appropriate to mark resolution and make a commit.
fatal: Exiting because of an unresolved conflict.
[2026-03-14 11:21:11.669264] Git Error: error: Merging is not possible because you have unmerged files.
hint: Fix them up in the work tree, and then use 'git add/rm <file>'
hint: as appropriate to mark resolution and make a commit.
fatal: Exiting because of an unresolved conflict.
[2026-03-14 11:21:11.677916] Git Error: error: Merging is not possible because you have unmerged files.
hint: Fix them up in the work tree, and then use 'git add/rm <file>'
hint: as appropriate to mark resolution and make a commit.
fatal: Exiting because of an unresolved conflict.
[2026-03-14 11:21:11.687134] Git Error: error: Merging is not possible because you have unmerged files.
hint: Fix them up in the work tree, and then use 'git add/rm <file>'
hint: as appropriate to mark resolution and make a commit.
fatal: Exiting because of an unresolved conflict.
[2026-03-14 11:21:32.196495] Git Error: error: Merging is not possible because you have unmerged files.
hint: Fix them up in the work tree, and then use 'git add/rm <file>'
hint: as appropriate to mark resolution and make a commit.
fatal: Exiting because of an unresolved conflict.
[2026-03-14 11:21:32.207133] Git Error: error: Merging is not possible because you have unmerged files.
hint: Fix them up in the work tree, and then use 'git add/rm <file>'
hint: as appropriate to mark resolution and make a commit.
fatal: Exiting because of an unresolved conflict.
[2026-03-14 11:21:32.222707] Git Error: error: Merging is not possible because you have unmerged files.
hint: Fix them up in the work tree, and then use 'git add/rm <file>'
hint: as appropriate to mark resolution and make a commit.
fatal: Exiting because of an unresolved conflict.
[2026-03-14 11:21:32.235907] Git Error: error: Merging is not possible because you have unmerged files.
hint: Fix them up in the work tree, and then use 'git add/rm <file>'
hint: as appropriate to mark resolution and make a commit.
fatal: Exiting because of an unresolved conflict.
[2026-03-14 11:22:11.735623] Git Error: error: Merging is not possible because you have unmerged files.
hint: Fix them up in the work tree, and then use 'git add/rm <file>'
hint: as appropriate to mark resolution and make a commit.
fatal: Exiting because of an unresolved conflict.
[2026-03-14 11:22:11.750592] Git Error: error: Merging is not possible because you have unmerged files.
hint: Fix them up in the work tree, and then use 'git add/rm <file>'
hint: as appropriate to mark resolution and make a commit.
fatal: Exiting because of an unresolved conflict.
[2026-03-14 11:22:11.763954] Git Error: error: Merging is not possible because you have unmerged files.
hint: Fix them up in the work tree, and then use 'git add/rm <file>'
hint: as appropriate to mark resolution and make a commit.
fatal: Exiting because of an unresolved conflict.
[2026-03-14 11:22:11.777594] Git Error: error: Merging is not possible because you have unmerged files.
hint: Fix them up in the work tree, and then use 'git add/rm <file>'
hint: as appropriate to mark resolution and make a commit.
fatal: Exiting because of an unresolved conflict.
[2026-03-14 11:22:32.274926] Git Error: error: Merging is not possible because you have unmerged files.
hint: Fix them up in the work tree, and then use 'git add/rm <file>'
hint: as appropriate to mark resolution and make a commit.
fatal: Exiting because of an unresolved conflict.
[2026-03-14 11:22:32.305355] Git Error: error: Merging is not possible because you have unmerged files.
hint: Fix them up in the work tree, and then use 'git add/rm <file>'
hint: as appropriate to mark resolution and make a commit.
fatal: Exiting because of an unresolved conflict.
[2026-03-14 11:22:32.323440] Git Error: error: Merging is not possible because you have unmerged files.
hint: Fix them up in the work tree, and then use 'git add/rm <file>'
hint: as appropriate to mark resolution and make a commit.
fatal: Exiting because of an unresolved conflict.
[2026-03-14 11:22:32.347779] Git Error: error: Merging is not possible because you have unmerged files.
hint: Fix them up in the work tree, and then use 'git add/rm <file>'
hint: as appropriate to mark resolution and make a commit.
fatal: Exiting because of an unresolved conflict.
[2026-03-14 11:23:11.814703] Git Error: error: Merging is not possible because you have unmerged files.
hint: Fix them up in the work tree, and then use 'git add/rm <file>'
hint: as appropriate to mark resolution and make a commit.
fatal: Exiting because of an unresolved conflict.
[2026-03-14 11:23:11.832896] Git Error: error: Merging is not possible because you have unmerged files.
hint: Fix them up in the work tree, and then use 'git add/rm <file>'
hint: as appropriate to mark resolution and make a commit.
fatal: Exiting because of an unresolved conflict.
[2026-03-14 11:23:11.852093] Git Error: error: Merging is not possible because you have unmerged files.
hint: Fix them up in the work tree, and then use 'git add/rm <file>'
hint: as appropriate to mark resolution and make a commit.
fatal: Exiting because of an unresolved conflict.
[2026-03-14 11:23:11.871151] Git Error: error: Merging is not possible because you have unmerged files.
hint: Fix them up in the work tree, and then use 'git add/rm <file>'
hint: as appropriate to mark resolution and make a commit.
fatal: Exiting because of an unresolved conflict.
[2026-03-14 11:23:32.391823] Git Error: error: Merging is not possible because you have unmerged files.
hint: Fix them up in the work tree, and then use 'git add/rm <file>'
hint: as appropriate to mark resolution and make a commit.
fatal: Exiting because of an unresolved conflict.
[2026-03-14 11:23:32.408089] Git Error: error: Merging is not possible because you have unmerged files.
hint: Fix them up in the work tree, and then use 'git add/rm <file>'
hint: as appropriate to mark resolution and make a commit.
fatal: Exiting because of an unresolved conflict.
[2026-03-14 11:23:32.425629] Git Error: error: Merging is not possible because you have unmerged files.
hint: Fix them up in the work tree, and then use 'git add/rm <file>'
hint: as appropriate to mark resolution and make a commit.
fatal: Exiting because of an unresolved conflict.
[2026-03-14 11:23:32.442855] Git Error: error: Merging is not possible because you have unmerged files.
hint: Fix them up in the work tree, and then use 'git add/rm <file>'
hint: as appropriate to mark resolution and make a commit.
fatal: Exiting because of an unresolved conflict.
[2026-03-14 11:24:11.908605] Git Error: error: Merging is not possible because you have unmerged files.
hint: Fix them up in the work tree, and then use 'git add/rm <file>'
hint: as appropriate to mark resolution and make a commit.
fatal: Exiting because of an unresolved conflict.
[2026-03-14 11:24:11.924798] Git Error: error: Merging is not possible because you have unmerged files.
hint: Fix them up in the work tree, and then use 'git add/rm <file>'
hint: as appropriate to mark resolution and make a commit.
fatal: Exiting because of an unresolved conflict.
[2026-03-14 11:24:11.940896] Git Error: error: Merging is not possible because you have unmerged files.
hint: Fix them up in the work tree, and then use 'git add/rm <file>'
hint: as appropriate to mark resolution and make a commit.
fatal: Exiting because of an unresolved conflict.
[2026-03-14 11:24:11.961062] Git Error: error: Merging is not possible because you have unmerged files.
hint: Fix them up in the work tree, and then use 'git add/rm <file>'
hint: as appropriate to mark resolution and make a commit.
fatal: Exiting because of an unresolved conflict.
[2026-03-14 11:24:32.480871] Git Error: error: Merging is not possible because you have unmerged files.
hint: Fix them up in the work tree, and then use 'git add/rm <file>'
hint: as appropriate to mark resolution and make a commit.
fatal: Exiting because of an unresolved conflict.
[2026-03-14 11:24:32.494647] Git Error: error: Merging is not possible because you have unmerged files.
hint: Fix them up in the work tree, and then use 'git add/rm <file>'
hint: as appropriate to mark resolution and make a commit.
fatal: Exiting because of an unresolved conflict.
[2026-03-14 11:24:32.508624] Git Error: error: Merging is not possible because you have unmerged files.
hint: Fix them up in the work tree, and then use 'git add/rm <file>'
hint: as appropriate to mark resolution and make a commit.
fatal: Exiting because of an unresolved conflict.
[2026-03-14 11:24:32.523218] Git Error: error: Merging is not possible because you have unmerged files.
hint: Fix them up in the work tree, and then use 'git add/rm <file>'
hint: as appropriate to mark resolution and make a commit.
fatal: Exiting because of an unresolved conflict.
[2026-03-14 11:25:11.988084] Git Error: error: Merging is not possible because you have unmerged files.
hint: Fix them up in the work tree, and then use 'git add/rm <file>'
hint: as appropriate to mark resolution and make a commit.
fatal: Exiting because of an unresolved conflict.
[2026-03-14 11:25:11.997352] Git Error: error: Merging is not possible because you have unmerged files.
hint: Fix them up in the work tree, and then use 'git add/rm <file>'
hint: as appropriate to mark resolution and make a commit.
fatal: Exiting because of an unresolved conflict.
[2026-03-14 11:25:12.008596] Git Error: error: Merging is not possible because you have unmerged files.
hint: Fix them up in the work tree, and then use 'git add/rm <file>'
hint: as appropriate to mark resolution and make a commit.
fatal: Exiting because of an unresolved conflict.
[2026-03-14 11:25:12.025375] Git Error: error: Merging is not possible because you have unmerged files.
hint: Fix them up in the work tree, and then use 'git add/rm <file>'
hint: as appropriate to mark resolution and make a commit.
fatal: Exiting because of an unresolved conflict.
[2026-03-14 11:25:32.557271] Git Error: error: Merging is not possible because you have unmerged files.
hint: Fix them up in the work tree, and then use 'git add/rm <file>'
hint: as appropriate to mark resolution and make a commit.
fatal: Exiting because of an unresolved conflict.
[2026-03-14 11:25:32.573336] Git Error: error: Merging is not possible because you have unmerged files.
hint: Fix them up in the work tree, and then use 'git add/rm <file>'
hint: as appropriate to mark resolution and make a commit.
fatal: Exiting because of an unresolved conflict.
[2026-03-14 11:25:32.586208] Git Error: error: Merging is not possible because you have unmerged files.
hint: Fix them up in the work tree, and then use 'git add/rm <file>'
hint: as appropriate to mark resolution and make a commit.
fatal: Exiting because of an unresolved conflict.
[2026-03-14 11:25:32.600302] Git Error: error: Merging is not possible because you have unmerged files.
hint: Fix them up in the work tree, and then use 'git add/rm <file>'
hint: as appropriate to mark resolution and make a commit.
fatal: Exiting because of an unresolved conflict.
[2026-03-14 14:58:15.742556] Git Error: merge: feat/sprint_05/be_dev_1 - not something we can merge
[2026-03-14 14:58:15.754190] Git Error: merge: feat/sprint_05/be_dev_2 - not something we can merge
[2026-03-14 14:58:15.764419] Git Error: merge: feat/sprint_05/fe_dev_1 - not something we can merge
[2026-03-14 14:58:15.774027] Git Error: merge: feat/sprint_05/fe_dev_2 - not something we can merge
[2026-03-14 14:58:17.920989] Git Error: merge: feat/sprint_05/be_dev_1 - not something we can merge
[2026-03-14 14:58:17.941863] Git Error: merge: feat/sprint_05/be_dev_2 - not something we can merge
[2026-03-14 14:58:17.956011] Git Error: merge: feat/sprint_05/fe_dev_1 - not something we can merge
[2026-03-14 14:58:17.968953] Git Error: merge: feat/sprint_05/fe_dev_2 - not something we can merge
[2026-03-14 14:58:39.860562] Git Error: merge: feat/sprint_05/be_dev_1 - not something we can merge
[2026-03-14 14:58:39.876492] Git Error: merge: feat/sprint_05/be_dev_2 - not something we can merge
[2026-03-14 14:58:39.890101] Git Error: merge: feat/sprint_05/fe_dev_1 - not something we can merge
[2026-03-14 14:58:39.901617] Git Error: merge: feat/sprint_05/fe_dev_2 - not something we can merge
[2026-03-14 14:59:15.806495] Git Error: merge: feat/sprint_05/be_dev_1 - not something we can merge
[2026-03-14 14:59:15.825406] Git Error: merge: feat/sprint_05/be_dev_2 - not something we can merge
[2026-03-14 14:59:15.838020] Git Error: merge: feat/sprint_05/fe_dev_1 - not something we can merge
[2026-03-14 14:59:15.849885] Git Error: merge: feat/sprint_05/fe_dev_2 - not something we can merge
[2026-03-14 14:59:18.001730] Git Error: merge: feat/sprint_05/be_dev_1 - not something we can merge
[2026-03-14 14:59:18.014633] Git Error: merge: feat/sprint_05/be_dev_2 - not something we can merge
[2026-03-14 14:59:18.026108] Git Error: merge: feat/sprint_05/fe_dev_1 - not something we can merge
[2026-03-14 14:59:18.035210] Git Error: merge: feat/sprint_05/fe_dev_2 - not something we can merge
[2026-03-14 14:59:39.943953] Git Error: merge: feat/sprint_05/be_dev_1 - not something we can merge
[2026-03-14 14:59:39.956285] Git Error: merge: feat/sprint_05/be_dev_2 - not something we can merge
[2026-03-14 14:59:39.967072] Git Error: merge: feat/sprint_05/fe_dev_1 - not something we can merge
[2026-03-14 14:59:39.976394] Git Error: merge: feat/sprint_05/fe_dev_2 - not something we can merge
[2026-03-14 15:00:15.883971] Git Error: merge: feat/sprint_05/be_dev_1 - not something we can merge
[2026-03-14 15:00:15.895553] Git Error: merge: feat/sprint_05/be_dev_2 - not something we can merge
[2026-03-14 15:00:15.905810] Git Error: merge: feat/sprint_05/fe_dev_1 - not something we can merge
[2026-03-14 15:00:15.916559] Git Error: merge: feat/sprint_05/fe_dev_2 - not something we can merge
[2026-03-14 15:00:18.059409] Git Error: merge: feat/sprint_05/be_dev_1 - not something we can merge
[2026-03-14 15:00:18.070783] Git Error: merge: feat/sprint_05/be_dev_2 - not something we can merge
[2026-03-14 15:00:18.082280] Git Error: merge: feat/sprint_05/fe_dev_1 - not something we can merge
[2026-03-14 15:00:18.092572] Git Error: merge: feat/sprint_05/fe_dev_2 - not something we can merge
[2026-03-14 15:00:40.014663] Git Error: merge: feat/sprint_05/be_dev_1 - not something we can merge
[2026-03-14 15:00:40.029592] Git Error: merge: feat/sprint_05/be_dev_2 - not something we can merge
[2026-03-14 15:00:40.041374] Git Error: merge: feat/sprint_05/fe_dev_1 - not something we can merge
[2026-03-14 15:00:40.052081] Git Error: merge: feat/sprint_05/fe_dev_2 - not something we can merge
[2026-03-14 15:01:15.960606] Git Error: merge: feat/sprint_05/be_dev_1 - not something we can merge
[2026-03-14 15:01:15.972594] Git Error: merge: feat/sprint_05/be_dev_2 - not something we can merge
[2026-03-14 15:01:15.982893] Git Error: merge: feat/sprint_05/fe_dev_1 - not something we can merge
[2026-03-14 15:01:15.992497] Git Error: merge: feat/sprint_05/fe_dev_2 - not something we can merge
[2026-03-14 15:01:18.125868] Git Error: merge: feat/sprint_05/be_dev_1 - not something we can merge
[2026-03-14 15:01:18.138168] Git Error: merge: feat/sprint_05/be_dev_2 - not something we can merge
[2026-03-14 15:01:18.149376] Git Error: merge: feat/sprint_05/fe_dev_1 - not something we can merge
[2026-03-14 15:01:18.159301] Git Error: merge: feat/sprint_05/fe_dev_2 - not something we can merge
[2026-03-14 15:01:40.101917] Git Error: merge: feat/sprint_05/be_dev_1 - not something we can merge
[2026-03-14 15:01:40.115899] Git Error: merge: feat/sprint_05/be_dev_2 - not something we can merge
[2026-03-14 15:01:40.129070] Git Error: merge: feat/sprint_05/fe_dev_1 - not something we can merge
[2026-03-14 15:01:40.142744] Git Error: merge: feat/sprint_05/fe_dev_2 - not something we can merge
[2026-03-14 15:02:16.038735] Git Error: merge: feat/sprint_05/be_dev_1 - not something we can merge
[2026-03-14 15:02:16.057613] Git Error: merge: feat/sprint_05/be_dev_2 - not something we can merge
[2026-03-14 15:02:16.072827] Git Error: merge: feat/sprint_05/fe_dev_1 - not something we can merge
[2026-03-14 15:02:16.087896] Git Error: merge: feat/sprint_05/fe_dev_2 - not something we can merge
[2026-03-14 15:02:18.192119] Git Error: merge: feat/sprint_05/be_dev_1 - not something we can merge
[2026-03-14 15:02:18.218007] Git Error: merge: feat/sprint_05/be_dev_2 - not something we can merge
[2026-03-14 15:02:18.234710] Git Error: merge: feat/sprint_05/fe_dev_1 - not something we can merge
[2026-03-14 15:02:18.250561] Git Error: merge: feat/sprint_05/fe_dev_2 - not something we can merge
[2026-03-14 15:02:40.184776] Git Error: merge: feat/sprint_05/be_dev_1 - not something we can merge
[2026-03-14 15:02:40.205930] Git Error: merge: feat/sprint_05/be_dev_2 - not something we can merge
[2026-03-14 15:02:40.222101] Git Error: merge: feat/sprint_05/fe_dev_1 - not something we can merge
[2026-03-14 15:02:40.235886] Git Error: merge: feat/sprint_05/fe_dev_2 - not something we can merge
[2026-03-14 15:03:16.124233] Git Error: merge: feat/sprint_05/be_dev_1 - not something we can merge
[2026-03-14 15:03:16.135148] Git Error: merge: feat/sprint_05/be_dev_2 - not something we can merge
[2026-03-14 15:03:16.145638] Git Error: merge: feat/sprint_05/fe_dev_1 - not something we can merge
[2026-03-14 15:03:16.155312] Git Error: merge: feat/sprint_05/fe_dev_2 - not something we can merge
[2026-03-14 15:03:18.284281] Git Error: merge: feat/sprint_05/be_dev_1 - not something we can merge
[2026-03-14 15:03:18.297990] Git Error: merge: feat/sprint_05/be_dev_2 - not something we can merge
[2026-03-14 15:03:18.308236] Git Error: merge: feat/sprint_05/fe_dev_1 - not something we can merge
[2026-03-14 15:03:18.317239] Git Error: merge: feat/sprint_05/fe_dev_2 - not something we can merge
[2026-03-14 15:03:40.270299] Git Error: merge: feat/sprint_05/be_dev_1 - not something we can merge
[2026-03-14 15:03:40.282413] Git Error: merge: feat/sprint_05/be_dev_2 - not something we can merge
[2026-03-14 15:03:40.293012] Git Error: merge: feat/sprint_05/fe_dev_1 - not something we can merge
[2026-03-14 15:03:40.302671] Git Error: merge: feat/sprint_05/fe_dev_2 - not something we can merge
[2026-03-14 15:04:16.208431] Git Error: merge: feat/sprint_05/be_dev_1 - not something we can merge
[2026-03-14 15:04:16.228226] Git Error: merge: feat/sprint_05/be_dev_2 - not something we can merge
[2026-03-14 15:04:16.247789] Git Error: merge: feat/sprint_05/fe_dev_1 - not something we can merge
[2026-03-14 15:04:16.261941] Git Error: merge: feat/sprint_05/fe_dev_2 - not something we can merge
[2026-03-14 15:04:18.357897] Git Error: merge: feat/sprint_05/be_dev_1 - not something we can merge
[2026-03-14 15:04:18.381578] Git Error: merge: feat/sprint_05/be_dev_2 - not something we can merge
[2026-03-14 15:04:18.408019] Git Error: merge: feat/sprint_05/fe_dev_1 - not something we can merge
[2026-03-14 15:04:18.426584] Git Error: merge: feat/sprint_05/fe_dev_2 - not something we can merge
[2026-03-14 15:04:40.342792] Git Error: merge: feat/sprint_05/be_dev_1 - not something we can merge
[2026-03-14 15:04:40.354995] Git Error: merge: feat/sprint_05/be_dev_2 - not something we can merge
[2026-03-14 15:04:40.365506] Git Error: merge: feat/sprint_05/fe_dev_1 - not something we can merge
[2026-03-14 15:04:40.376516] Git Error: merge: feat/sprint_05/fe_dev_2 - not something we can merge
[2026-03-14 15:05:16.316459] Git Error: merge: feat/sprint_05/be_dev_1 - not something we can merge
[2026-03-14 15:05:16.334496] Git Error: merge: feat/sprint_05/be_dev_2 - not something we can merge
[2026-03-14 15:05:16.349620] Git Error: merge: feat/sprint_05/fe_dev_1 - not something we can merge
[2026-03-14 15:05:16.364371] Git Error: merge: feat/sprint_05/fe_dev_2 - not something we can merge
[2026-03-14 15:05:18.444901] Git Error: merge: feat/sprint_05/be_dev_1 - not something we can merge
[2026-03-14 15:05:18.456343] Git Error: merge: feat/sprint_05/be_dev_2 - not something we can merge
[2026-03-14 15:05:18.469564] Git Error: merge: feat/sprint_05/fe_dev_1 - not something we can merge
[2026-03-14 15:05:18.480018] Git Error: merge: feat/sprint_05/fe_dev_2 - not something we can merge
[2026-03-14 15:05:40.419996] Git Error: merge: feat/sprint_05/be_dev_1 - not something we can merge
[2026-03-14 15:05:40.441129] Git Error: merge: feat/sprint_05/be_dev_2 - not something we can merge
[2026-03-14 15:05:40.462932] Git Error: merge: feat/sprint_05/fe_dev_1 - not something we can merge
[2026-03-14 15:05:40.478680] Git Error: merge: feat/sprint_05/fe_dev_2 - not something we can merge
[2026-03-14 15:06:16.417403] Git Error: merge: feat/sprint_05/be_dev_1 - not something we can merge
[2026-03-14 15:06:16.429217] Git Error: merge: feat/sprint_05/be_dev_2 - not something we can merge
[2026-03-14 15:06:16.438528] Git Error: merge: feat/sprint_05/fe_dev_1 - not something we can merge
[2026-03-14 15:06:16.447760] Git Error: merge: feat/sprint_05/fe_dev_2 - not something we can merge
[2026-03-14 15:06:18.510027] Git Error: merge: feat/sprint_05/be_dev_1 - not something we can merge
[2026-03-14 15:06:18.527665] Git Error: merge: feat/sprint_05/be_dev_2 - not something we can merge
[2026-03-14 15:06:18.542315] Git Error: merge: feat/sprint_05/fe_dev_1 - not something we can merge
[2026-03-14 15:06:18.557861] Git Error: merge: feat/sprint_05/fe_dev_2 - not something we can merge
[2026-03-14 15:06:40.515845] Git Error: merge: feat/sprint_05/be_dev_1 - not something we can merge
[2026-03-14 15:06:40.531940] Git Error: merge: feat/sprint_05/be_dev_2 - not something we can merge
[2026-03-14 15:06:40.548703] Git Error: merge: feat/sprint_05/fe_dev_1 - not something we can merge
[2026-03-14 15:06:40.564323] Git Error: merge: feat/sprint_05/fe_dev_2 - not something we can merge
[2026-03-14 15:07:16.493747] Git Error: merge: feat/sprint_05/be_dev_1 - not something we can merge
[2026-03-14 15:07:16.511945] Git Error: merge: feat/sprint_05/be_dev_2 - not something we can merge
[2026-03-14 15:07:16.657004] Git Error: merge: feat/sprint_05/fe_dev_2 - not something we can merge
[2026-03-14 15:07:18.580188] Git Error: merge: feat/sprint_05/be_dev_1 - not something we can merge
[2026-03-14 15:07:18.596531] Git Error: merge: feat/sprint_05/be_dev_2 - not something we can merge
[2026-03-14 15:07:18.627965] Git Error: merge: feat/sprint_05/fe_dev_2 - not something we can merge
[2026-03-14 15:07:40.608817] Git Error: merge: feat/sprint_05/be_dev_1 - not something we can merge
[2026-03-14 15:07:40.620713] Git Error: merge: feat/sprint_05/be_dev_2 - not something we can merge
[2026-03-14 15:08:16.698975] Git Error: merge: feat/sprint_05/be_dev_1 - not something we can merge
[2026-03-14 15:08:16.717670] Git Error: merge: feat/sprint_05/be_dev_2 - not something we can merge
[2026-03-14 15:08:18.659555] Git Error: merge: feat/sprint_05/be_dev_1 - not something we can merge
[2026-03-14 15:08:18.671902] Git Error: merge: feat/sprint_05/be_dev_2 - not something we can merge
